## compiling `./tests/scheme/pairs.sst`...
## benchmarking `./tests/scheme/pairs.sst`...
## benchmarked `./tests/scheme/pairs.sst`!
     without optimizations:
       average   :      20340
         stdev   :        190 /   0.93%
         median  :      20289 /   0.72%
       min / max :      20085 / 20208 / 20289 / 20403 / 20782
       mem-leaks :          0 KB
     with optimizations:
       average   :       9563 / +52.99% / 2.13*
         stdev   :         96 /   1.01%
         median  :       9539 /   0.79%
       min / max :       9432 / 9495 / 9539 / 9593 / 9792
       mem-leaks :          0 KB
