## benchmarking `benchmark__list_build_3__mutable`...
## benchmarked `benchmark__list_build_3__mutable`!
       average   :        124
         stdev   :          1 /   0.55%
         median  :        124 /   0.58%
       min / max :        123 / 124 / 124 / 125 / 126
       mem-leaks :          0 KB
