       average   :     814044
         stdev   :      13989 /   1.72%
         median  :     812652 /   1.84%
       min / max :     790481 / 804756 / 812652 / 824424 / 837467
       mem-leaks :          0 KB
