## benchmarking `benchmark__list_reverse__0__immutable`...
## benchmarked `benchmark__list_reverse__0__immutable`!
       average   :         85
         stdev   :          1 /   0.83%
         median  :         85 /   0.76%
       min / max :         85 / 85 / 85 / 86 / 87
       mem-leaks :          0 KB
