       average   :        142
         stdev   :          4 /   2.56%
         median  :        140 /   1.30%
       min / max :        139 / 140 / 140 / 147 / 149
       mem-leaks :          0 KB
