## benchmarking `benchmark__list_empty`...
## benchmarked `benchmark__list_empty`!
       average   :          9
         stdev   :          0 /   0.86%
         median  :          9 /   1.10%
       min / max :          9 / 9 / 9 / 10 / 10
       mem-leaks :          0 KB
