       average   :     121095
         stdev   :        990 /   0.82%
         median  :     120891 /   0.41%
       min / max :     119577 / 120610 / 120891 / 121351 / 123535
       mem-leaks :          0 KB
