       average   :       1062
         stdev   :         27 /   2.56%
         median  :       1050 /   1.17%
       min / max :       1039 / 1045 / 1050 / 1067 / 1126
       mem-leaks :          0 KB
