       average   :        883
         stdev   :         24 /   2.67%
         median  :        871 /   0.70%
       min / max :        865 / 868 / 871 / 887 / 940
       mem-leaks :          0 KB
