       average   :         67
         stdev   :          2 /   2.43%
         median  :         66 /   1.43%
       min / max :         65 / 66 / 66 / 68 / 71
       mem-leaks :          0 KB
