## benchmarking `benchmark__list_build_1__immutable`...
## benchmarked `benchmark__list_build_1__immutable`!
       average   :         43
         stdev   :          0 /   1.03%
         median  :         43 /   0.93%
       min / max :         43 / 43 / 43 / 43 / 44
       mem-leaks :          0 KB
