## benchmarking `benchmark__internals__box_rc__clone`...
## benchmarked `benchmark__internals__box_rc__clone`!
       average   :         22
         stdev   :          0 /   2.15%
         median  :         22 /   0.49%
       min / max :         22 / 22 / 22 / 22 / 23
       mem-leaks :          0 KB
