       average   :          4
         stdev   :          0 /   1.26%
         median  :          4 /   1.09%
       min / max :          4 / 4 / 4 / 5 / 5
       mem-leaks :          0 KB
