       average   :          0
         stdev   :          0 /   2.43%
         median  :          0 /   2.19%
       min / max :          0 / 0 / 0 / 0 / 0
       mem-leaks :          0 KB
