     without optimizations:
       average   :      29485
         stdev   :        273 /   0.92%
         median  :      29410 /   0.38%
       min / max :      29184 / 29339 / 29410 / 29521 / 30357
       mem-leaks :          0 KB
     with optimizations:
       average   :      23486 / +20.34% / 1.26*
         stdev   :        678 /   2.89%
         median  :      23267 /   1.51%
       min / max :      22797 / 23051 / 23267 / 23641 / 25242
       mem-leaks :          0 KB
