## compiling `./tests/scheme/contexts.sst`...
## benchmarking `./tests/scheme/contexts.sst`...
## benchmarked `./tests/scheme/contexts.sst`!
     without optimizations:
       average   :      32642
         stdev   :        113 /   0.35%
         median  :      32637 /   0.33%
       min / max :      32496 / 32539 / 32637 / 32693 / 32893
       mem-leaks :          0 KB
     with optimizations:
       average   :      21673 / +33.60% / 1.51*
         stdev   :         69 /   0.32%
         median  :      21637 /   0.28%
       min / max :      21596 / 21613 / 21637 / 21733 / 21785
       mem-leaks :          0 KB
