     without optimizations:
       average   :      49260
         stdev   :        787 /   1.60%
         median  :      48886 /   0.58%
       min / max :      48596 / 48723 / 48886 / 49414 / 51061
       mem-leaks :          0 KB
     with optimizations:
       average   :      26115 / +46.99% / 1.89*
         stdev   :         84 /   0.32%
         median  :      26106 /   0.42%
       min / max :      25999 / 26038 / 26106 / 26179 / 26274
       mem-leaks :          0 KB
