## compiling `./tests/scheme/values.sst`...
## benchmarking `./tests/scheme/values.sst`...
## benchmarked `./tests/scheme/values.sst`!
     without optimizations:
       average   :       1490
         stdev   :         43 /   2.86%
         median  :       1466 /   0.80%
       min / max :       1458 / 1464 / 1466 / 1511 / 1589
       mem-leaks :          0 KB
     with optimizations:
       average   :       1498 / -0.55% / 0.99*
         stdev   :         47 /   3.15%
         median  :       1476 /   1.10%
       min / max :       1458 / 1470 / 1476 / 1497 / 1601
       mem-leaks :          0 KB
