## compiling `./tests/scheme/arithmetic.sst`...
## benchmarking `./tests/scheme/arithmetic.sst`...
## benchmarked `./tests/scheme/arithmetic.sst`!
     without optimizations:
       average   :       4199
         stdev   :         14 /   0.34%
         median  :       4196 /   0.30%
       min / max :       4183 / 4188 / 4196 / 4208 / 4233
       mem-leaks :          0 KB
     with optimizations:
       average   :        595 / +85.84% / 7.06*
         stdev   :          2 /   0.32%
         median  :        593 /   0.01%
       min / max :        593 / 593 / 593 / 596 / 598
       mem-leaks :          0 KB
