     without optimizations:
       average   :       8046
         stdev   :        100 /   1.24%
         median  :       8018 /   0.44%
       min / max :       7957 / 7994 / 8018 / 8041 / 8362
       mem-leaks :          0 KB
     with optimizations:
       average   :       4325 / +46.25% / 1.86*
         stdev   :         94 /   2.18%
         median  :       4278 /   1.10%
       min / max :       4228 / 4254 / 4278 / 4386 / 4495
       mem-leaks :          0 KB
