     without optimizations:
       average   :      16805
         stdev   :        274 /   1.63%
         median  :      16673 /   0.62%
       min / max :      16574 / 16607 / 16673 / 16982 / 17300
       mem-leaks :          0 KB
     with optimizations:
       average   :       9247 / +44.97% / 1.82*
         stdev   :        269 /   2.91%
         median  :       9134 /   1.83%
       min / max :       8973 / 9054 / 9134 / 9423 / 9868
       mem-leaks :          0 KB
