## compiling `./tests/scheme/loops.sst`...
## benchmarking `./tests/scheme/loops.sst`...
## benchmarked `./tests/scheme/loops.sst`!
     without optimizations:
       average   :      16460
         stdev   :         51 /   0.31%
         median  :      16461 /   0.46%
       min / max :      16397 / 16410 / 16461 / 16480 / 16547
       mem-leaks :          0 KB
     with optimizations:
       average   :       7210 / +56.19% / 2.28*
         stdev   :         23 /   0.32%
         median  :       7194 /   0.10%
       min / max :       7189 / 7191 / 7194 / 7237 / 7248
       mem-leaks :          0 KB
