## compiling `./tests/scheme/ports.sst`...
## benchmarking `./tests/scheme/ports.sst`...
## benchmarked `./tests/scheme/ports.sst`!
     without optimizations:
       average   :       1158
         stdev   :          4 /   0.32%
         median  :       1158 /   0.42%
       min / max :       1153 / 1156 / 1158 / 1161 / 1165
       mem-leaks :          0 KB
     with optimizations:
       average   :        234 / +79.78% / 4.94*
         stdev   :          1 /   0.44%
         median  :        234 /   0.06%
       min / max :        233 / 234 / 234 / 235 / 236
       mem-leaks :          0 KB
