     without optimizations:
       average   :      63799
         stdev   :       2083 /   3.27%
         median  :      63006 /   1.84%
       min / max :      62131 / 62306 / 63006 / 64142 / 69249
       mem-leaks :          0 KB
     with optimizations:
       average   :      52213 / +18.16% / 1.22*
         stdev   :        886 /   1.70%
         median  :      51765 /   0.72%
       min / max :      51471 / 51587 / 51765 / 52494 / 53926
       mem-leaks :          0 KB
