     without optimizations:
       average   :      37313
         stdev   :        405 /   1.09%
         median  :      37191 /   0.41%
       min / max :      37000 / 37098 / 37191 / 37294 / 38557
       mem-leaks :          0 KB
     with optimizations:
       average   :      24246 / +35.02% / 1.54*
         stdev   :        745 /   3.07%
         median  :      23975 /   1.16%
       min / max :      23682 / 23814 / 23975 / 24203 / 26352
       mem-leaks :          0 KB
