     without optimizations:
       average   :      55406
         stdev   :        828 /   1.49%
         median  :      55257 /   2.04%
       min / max :      54424 / 54599 / 55257 / 56248 / 56626
       mem-leaks :          0 KB
     with optimizations:
       average   :      41138 / +25.75% / 1.35*
         stdev   :       1097 /   2.67%
         median  :      40687 /   0.98%
       min / max :      40255 / 40437 / 40687 / 41156 / 43904
       mem-leaks :          0 KB
