## compiling `./tests/scheme/functions-arrays.sst`...
## benchmarking `./tests/scheme/functions-arrays.sst`...
## benchmarked `./tests/scheme/functions-arrays.sst`!
     without optimizations:
       average   :      47442
         stdev   :        482 /   1.02%
         median  :      47272 /   0.58%
       min / max :      46903 / 47119 / 47272 / 47633 / 48555
       mem-leaks :          0 KB
     with optimizations:
       average   :      35181 / +25.85% / 1.35*
         stdev   :        321 /   0.91%
         median  :      35104 /   0.81%
       min / max :      34752 / 34916 / 35104 / 35323 / 35838
       mem-leaks :          0 KB
