     without optimizations:
       average   :       1612
         stdev   :         19 /   1.15%
         median  :       1604 /   0.78%
       min / max :       1594 / 1599 / 1604 / 1616 / 1655
       mem-leaks :          0 KB
     with optimizations:
       average   :        654 / +59.39% / 2.46*
         stdev   :         16 /   2.39%
         median  :        648 /   1.48%
       min / max :        639 / 643 / 648 / 659 / 688
       mem-leaks :          0 KB
