## compiling `./tests/scheme/comparisons-equivalent-by-value-coerced-recursive.sst`...
## benchmarking `./tests/scheme/comparisons-equivalent-by-value-coerced-recursive.sst`...
## benchmarked `./tests/scheme/comparisons-equivalent-by-value-coerced-recursive.sst`!
     without optimizations:
       average   :      36040
         stdev   :        126 /   0.35%
         median  :      36025 /   0.36%
       min / max :      35902 / 35937 / 36025 / 36090 / 36312
       mem-leaks :          0 KB
     with optimizations:
       average   :      23869 / +33.77% / 1.51*
         stdev   :         68 /   0.29%
         median  :      23863 /   0.28%
       min / max :      23757 / 23825 / 23863 / 23922 / 23991
       mem-leaks :          0 KB
