## compiling `benchmark__arrays`...
## benchmarking `benchmark__arrays`...
## benchmarked `benchmark__arrays`!
     without optimizations:
       average   :      33235
         stdev   :        525 /   1.58%
         median  :      33037 /   0.50%
       min / max :      32755 / 32934 / 33037 / 33234 / 34636
       mem-leaks :          0 KB
     with optimizations:
       average   :      23700 / +28.69% / 1.40*
         stdev   :        214 /   0.90%
         median  :      23634 /   0.62%
       min / max :      23500 / 23545 / 23634 / 23807 / 24280
       mem-leaks :          0 KB
