## compiling `benchmark__control`...
## benchmarking `benchmark__control`...
## benchmarked `benchmark__control`!
     without optimizations:
       average   :       7603
         stdev   :        134 /   1.76%
         median  :       7545 /   0.76%
       min / max :       7485 / 7516 / 7545 / 7669 / 7944
     with optimizations:
       average   :       8090 / -6.41% / 0.94*
         stdev   :        506 /   6.25%
         median  :       8244 /   0.98%
       min / max :       7104 / 7909 / 8244 / 8296 / 9171
