## compiling `benchmark__functions_arrays`...
## benchmarking `benchmark__functions_arrays`...
## benchmarked `benchmark__functions_arrays`!
     without optimizations:
       average   :     182946
         stdev   :      15910 /   8.70%
         median  :     191325 /  10.55%
       min / max :     163134 / 165458 / 191325 / 195767 / 204935
     with optimizations:
       average   :     142665 / +22.02% / 1.28*
         stdev   :       5407 /   3.79%
         median  :     144013 /   2.12%
       min / max :     128158 / 142440 / 144013 / 146119 / 147875
