## compiling `benchmark__functions_bytes`...
## benchmarking `benchmark__functions_bytes`...
## benchmarked `benchmark__functions_bytes`!
     without optimizations:
       average   :      80318
         stdev   :       1591 /   1.98%
         median  :      79524 /   0.50%
       min / max :      79096 / 79427 / 79524 / 80213 / 84155
       mem-leaks :          0 KB
     with optimizations:
       average   :      57990 / +27.80% / 1.39*
         stdev   :       1188 /   2.05%
         median  :      57516 /   1.05%
       min / max :      57066 / 57323 / 57516 / 58172 / 61099
       mem-leaks :          0 KB
