## compiling `benchmark__issues`...
## benchmarking `benchmark__issues`...
## benchmarked `benchmark__issues`!
     without optimizations:
       average   :       5289
         stdev   :        128 /   2.43%
         median  :       5245 /   1.22%
       min / max :       5186 / 5217 / 5245 / 5306 / 5699
       mem-leaks :       1655 KB (!!!! DETECTED !!!!)
     with optimizations:
       average   :       4828 / +8.72% / 1.10*
         stdev   :        141 /   2.92%
         median  :       4779 /   1.58%
       min / max :       4722 / 4731 / 4779 / 4862 / 5292
       mem-leaks :        430 KB (!!!! DETECTED !!!!)
