## compiling `./tests/scheme/functions-lists.sst`...
## benchmarking `./tests/scheme/functions-lists.sst`...
## benchmarked `./tests/scheme/functions-lists.sst`!
     without optimizations:
       average   :      48045
         stdev   :        440 /   0.92%
         median  :      47904 /   0.66%
       min / max :      47527 / 47742 / 47904 / 48284 / 49188
       mem-leaks :          0 KB
     with optimizations:
       average   :      35445 / +26.22% / 1.36*
         stdev   :        348 /   0.98%
         median  :      35326 /   0.98%
       min / max :      35074 / 35149 / 35326 / 35669 / 36194
       mem-leaks :          0 KB
