## compiling `benchmark__ports_memory`...
## benchmarking `benchmark__ports_memory`...
## benchmarked `benchmark__ports_memory`!
     without optimizations:
       average   :      25428
         stdev   :        109 /   0.43%
         median  :      25406 /   0.46%
       min / max :      25288 / 25360 / 25406 / 25489 / 25677
       mem-leaks :          0 KB
     with optimizations:
       average   :      14772 / +41.90% / 1.72*
         stdev   :         63 /   0.42%
         median  :      14771 /   0.42%
       min / max :      14684 / 14726 / 14771 / 14806 / 14905
       mem-leaks :          0 KB
