## compiling `benchmark__functions_strings`...
## benchmarking `benchmark__functions_strings`...
## benchmarked `benchmark__functions_strings`!
     without optimizations:
       average   :     145267
         stdev   :       4890 /   3.37%
         median  :     147168 /   1.08%
       min / max :     133011 / 143639 / 147168 / 148173 / 149935
     with optimizations:
       average   :     125469 / +13.63% / 1.16*
         stdev   :       2613 /   2.08%
         median  :     125665 /   1.44%
       min / max :     119257 / 124611 / 125665 / 126897 / 129730
